
> tienda_ropa_mvp-frontend@0.1.0 build
> next build

npm : 
[baseline-browser-mapping] 
The data in this module is 
over two months old.  To 
ensure accurate Baseline 
data, please update: `npm i b
aseline-browser-mapping@lates
t -D`
En línea: 1 Carácter: 1
+ npm run build 2>&1 | 
Tee-Object -FilePath 
build_output.txt
+ ~~~~~~~~~~~~~~~~~~
    + CategoryInfo           
   : NotSpecified: ([baseli  
  ne-brows...ping@latest -   
 D`:String) [], RemoteExc    
eption
    + FullyQualifiedErrorId  
   : NativeCommandError
 
   Ôû▓ Next.js 16.0.3 (Turbopack)
   - Environments: .env.local

   Creating an optimized production build ...
[baseline-browser-mapping] 
The data in this module is 
over two months old.  To 
ensure accurate Baseline 
data, please update: `npm i b
aseline-browser-mapping@lates
t -D`
 Ô£ô Compiled successfully in 20.4s
   Running TypeScript ...
   Collecting page data using 7 workers ...
[baseline-browser-mapping] 
The data in this module is 
over two months old.  To 
ensure accurate Baseline 
data, please update: `npm i b
aseline-browser-mapping@lates
t -D`
[baseline-browser-mapping] 
The data in this module is 
over two months old.  To 
ensure accurate Baseline 
data, please update: `npm i b
aseline-browser-mapping@lates
t -D`
[baseline-browser-mapping] 
The data in this module is 
over two months old.  To 
ensure accurate Baseline 
data, please update: `npm i b
aseline-browser-mapping@lates
t -D`
[baseline-browser-mapping] 
The data in this module is 
over two months old.  To 
ensure accurate Baseline 
data, please update: `npm i b
aseline-browser-mapping@lates
t -D`
[baseline-browser-mapping] 
The data in this module is 
over two months old.  To 
ensure accurate Baseline 
data, please update: `npm i b
aseline-browser-mapping@lates
t -D`
[baseline-browser-mapping] 
The data in this module is 
over two months old.  To 
ensure accurate Baseline 
data, please update: `npm i b
aseline-browser-mapping@lates
t -D`
[baseline-browser-mapping] 
The data in this module is 
over two months old.  To 
ensure accurate Baseline 
data, please update: `npm i b
aseline-browser-mapping@lates
t -D`
   Generating static pages using 7 workers (0/15) ...
[baseline-browser-mapping] 
The data in this module is 
over two months old.  To 
ensure accurate Baseline 
data, please update: `npm i b
aseline-browser-mapping@lates
t -D`
   Generating static pages using 7 workers (3/15) 
   Generating static pages using 7 workers (7/15) 
Error occurred prerendering 
page "/usuarios". Read more: 
https://nextjs.org/docs/messa
ges/prerender-error
Error: useTheme must be used 
within a ThemeProvider
    at f (C:\Users\W\Document
s\WORKSPACE\ProyectosPython\t
ienda_ropa_mvp-frontend\.next
\server\chunks\ssr\[root-of-t
he-server]__458aeb34._.js:1:6
30)
    at r (C:\Users\W\Document
s\WORKSPACE\ProyectosPython\t
ienda_ropa_mvp-frontend\.next
\server\chunks\ssr\[root-of-t
he-server]__015f4f52._.js:1:9
464) {
  digest: '488781865'
}
Export encountered an error 
on /usuarios/page: 
/usuarios, exiting the build.
 Ô¿» Next.js build worker 
exited with code: 1 and 
signal: null
